Fetching hamilton...
hamilton: {"name": "Lewis Hamilton", "birth_date": "1985-01-07", "wins": 105, "podiums": 203, "poles": 117, "fastest_laps": 68, "championships": 2, "total_points": 1127.0}
Fetching schumacher...
schumacher: null
